Nothing to build in platform 'design_1_wrapper'

17:24:47 **** Build of configuration Debug for project STEAM_V2 ****
make all 
make --no-print-directory pre-build
a9-linaro-pre-build-step
' '
make --no-print-directory main-build
'Building file: ../src/helloworld.c'
'Invoking: ARM v7 gcc compiler'
arm-none-eabi-gcc -Wall -O0 -g3 -c -fmessage-length=0 -MT"src/helloworld.o" -mcpu=cortex-a9 -mfpu=vfpv3 -mfloat-abi=hard -IC:/Users/SpaceGrant/Documents/STEAM/Avionics/vivado1/STEAM_V2/design_1_wrapper/export/design_1_wrapper/sw/design_1_wrapper/domain_ps7_cortexa9_0/bspinclude/include -MMD -MP -MF"src/helloworld.d" -MT"src/helloworld.o" -o "src/helloworld.o" "../src/helloworld.c"
'Finished building: ../src/helloworld.c'
' '
'Building file: ../src/platform.c'
'Invoking: ARM v7 gcc compiler'
arm-none-eabi-gcc -Wall -O0 -g3 -c -fmessage-length=0 -MT"src/platform.o" -mcpu=cortex-a9 -mfpu=vfpv3 -mfloat-abi=hard -IC:/Users/SpaceGrant/Documents/STEAM/Avionics/vivado1/STEAM_V2/design_1_wrapper/export/design_1_wrapper/sw/design_1_wrapper/domain_ps7_cortexa9_0/bspinclude/include -MMD -MP -MF"src/platform.d" -MT"src/platform.o" -o "src/platform.o" "../src/platform.c"
'Finished building: ../src/platform.c'
' '
'Building target: STEAM_V2.elf'
'Invoking: ARM v7 gcc linker'
arm-none-eabi-gcc -mcpu=cortex-a9 -mfpu=vfpv3 -mfloat-abi=hard -Wl,-build-id=none -specs=Xilinx.spec -Wl,-T -Wl,../src/lscript.ld -LC:/Users/SpaceGrant/Documents/STEAM/Avionics/vivado1/STEAM_V2/design_1_wrapper/export/design_1_wrapper/sw/design_1_wrapper/domain_ps7_cortexa9_0/bsplib/lib -o "STEAM_V2.elf"  ./src/helloworld.o ./src/platform.o   -Wl,--start-group,-lxil,-lgcc,-lc,--end-group
'Finished building target: STEAM_V2.elf'
' '
'Invoking: ARM v7 Print Size'
arm-none-eabi-size STEAM_V2.elf  |tee "STEAM_V2.elf.size"
   text	   data	    bss	    dec	    hex	filename
  19040	   1144	  22568	  42752	   a700	STEAM_V2.elf
'Finished building: STEAM_V2.elf.size'
' '
17:24:48 **** Build of configuration Debug for project STEAM_V2_system ****
make all 
Generating bif file for the system project
generate_system_bif.bat 56798 C:/Users/SpaceGrant/Documents/STEAM/Avionics/vivado1/STEAM_V2/design_1_wrapper/export/design_1_wrapper/design_1_wrapper.xpfm domain_ps7_cortexa9_0 C:/Users/SpaceGrant/Documents/STEAM/Avionics/vivado1/STEAM_V2/STEAM_V2_system/Debug/system.bif
sdcard_gen --xpfm C:/Users/SpaceGrant/Documents/STEAM/Avionics/vivado1/STEAM_V2/design_1_wrapper/export/design_1_wrapper/design_1_wrapper.xpfm --sys_config design_1_wrapper --bif C:/Users/SpaceGrant/Documents/STEAM/Avionics/vivado1/STEAM_V2/STEAM_V2_system/Debug/system.bif --no_bitstream --elf C:/Users/SpaceGrant/Documents/STEAM/Avionics/vivado1/STEAM_V2/STEAM_V2/Debug/STEAM_V2.elf,ps7_cortexa9_0
Running C:/Xilinx/Vitis/2020.1/bin/bootgen  -image C:/Users/SpaceGrant/Documents/STEAM/Avionics/vivado1/STEAM_V2/STEAM_V2_system/Debug/sd_card_temp/boot.bif -w -o i BOOT.BIN
