23:42:39 **** Build of configuration Debug for project STEAM_V2 ****
make all 
make --no-print-directory pre-build
a9-linaro-pre-build-step
' '
make --no-print-directory main-build
'Building file: ../src/main.c'
'Invoking: ARM v7 gcc compiler'
arm-none-eabi-gcc -Wall -O0 -g3 -c -fmessage-length=0 -MT"src/main.o" -mcpu=cortex-a9 -mfpu=vfpv3 -mfloat-abi=hard -IC:/Users/SpaceGrant/Documents/STEAM/Avionics/vivado1/STEAM_V2/design_1_wrapper/export/design_1_wrapper/sw/design_1_wrapper/domain_ps7_cortexa9_0/bspinclude/include -MMD -MP -MF"src/main.d" -MT"src/main.o" -o "src/main.o" "../src/main.c"
../src/main.c:64: warning: "UART_DEVICE_ID" redefined
   64 | #define UART_DEVICE_ID                  XPAR_XUARTPS_1_DEVICE_ID
      | 
In file included from ../src/platform.h:36,
                 from ../src/main.c:49:
../src/platform_config.h:5: note: this is the location of the previous definition
    5 | #define UART_DEVICE_ID 0
      | 
../src/main.c: In function 'main':
../src/main.c:88:6: warning: variable 'Status1' set but not used [-Wunused-but-set-variable]
   88 |  int Status1;
      |      ^~~~~~~
'Finished building: ../src/main.c'
' '
'Building file: ../src/platform.c'
'Invoking: ARM v7 gcc compiler'
arm-none-eabi-gcc -Wall -O0 -g3 -c -fmessage-length=0 -MT"src/platform.o" -mcpu=cortex-a9 -mfpu=vfpv3 -mfloat-abi=hard -IC:/Users/SpaceGrant/Documents/STEAM/Avionics/vivado1/STEAM_V2/design_1_wrapper/export/design_1_wrapper/sw/design_1_wrapper/domain_ps7_cortexa9_0/bspinclude/include -MMD -MP -MF"src/platform.d" -MT"src/platform.o" -o "src/platform.o" "../src/platform.c"
'Finished building: ../src/platform.c'
' '
'Building target: STEAM_V2.elf'
'Invoking: ARM v7 gcc linker'
arm-none-eabi-gcc -mcpu=cortex-a9 -mfpu=vfpv3 -mfloat-abi=hard -Wl,-build-id=none -specs=Xilinx.spec -Wl,-T -Wl,../src/lscript.ld -LC:/Users/SpaceGrant/Documents/STEAM/Avionics/vivado1/STEAM_V2/design_1_wrapper/export/design_1_wrapper/sw/design_1_wrapper/domain_ps7_cortexa9_0/bsplib/lib -o "STEAM_V2.elf"  ./src/main.o ./src/platform.o   -Wl,--start-group,-lxil,-lgcc,-lc,--end-group
'Finished building target: STEAM_V2.elf'
' '
'Invoking: ARM v7 Print Size'
arm-none-eabi-size STEAM_V2.elf  |tee "STEAM_V2.elf.size"
   text	   data	    bss	    dec	    hex	filename
  31736	   1184	  22664	  55584	   d920	STEAM_V2.elf
'Finished building: STEAM_V2.elf.size'
' '

23:42:39 Build Finished (took 702ms)

